[www.jotform.com/form/200543750233445.html]
[backblue.gif]
[fade.gif]
[index.html]
[cdn.jotfor.ms/static/formCss54f6.css]
[cdn.jotfor.ms/css/styles/nova54f6.css]
[cdnjs.cloudflare.com/ajax/libs/punycode/1.4.1/punycode.min.js]
[cdn.jotfor.ms/static/prototype.forms.js]
[cdn.jotfor.ms/static/jotform.forms54f6.js]
[cdn.jotfor.ms/images/calendar.png]
[cdn.jotfor.ms/assets/img/logo/logo-new@1x.png]
[www.jotform.com/form/200543750233445.html]
[cdn.jotfor.ms/images/soft-grad.png]
[cdn.jotfor.ms/images/photo.png]
[cdn.jotfor.ms/images/noises/defaultdesktop.png]
[cdn.jotfor.ms/images/arrow-open.png]
[cdn.jotfor.ms/images/arrow-closed.png]
[cdn.jotfor.ms/images/s-info.png]
[cdn.jotfor.ms/images/loading.gif]
[cdn.jotfor.ms/images/credit-card-logo.png]
[cdn.jotfor.ms/images/security-icon.png]
[cdn.jotfor.ms/static/formCss54f6.css]
[cdn.jotfor.ms/css/styles/nova54f6.css]
[cdn.jotfor.ms/css/printForm54f6.css]
[cdn.jotfor.ms/static/prototype.forms.js]
[www.jotform.com/form/AppleWebKit/index.html]
[www.jotform.com/form/submit.php]
[www.jotform.com/form/server.php]
[www.jotform.com/jfFormFooter/assets/js/main.min0c2f.js]
[www.jotform.com/form/Trident/index.html]
[www.jotform.com/js/vendor/json2.js]
[www.jotform.com/form/POST]
[www.jotform.com/form/datepicker.html]
[www.jotform.com/form/safari/index.html]
[www.jotform.com/form/mobile.responsive.min.css]
[widgets.jotform.io/mobileResponsive/mobile.responsive.min.css]
[www.jotform.com/form/china.jotfor.ms]
[cdn.jotfor.ms/js/form-testerbb43.js]
[www.jotform.com/form/noImage-placeholder.svg]
[cdn.jotfor.ms/static/jotform.forms54f6.js]
[www.jotform.com/form/AppleWebKit/index.html]
[www.jotform.com/form/submit.html]
[www.jotform.com/form/server.html]
[www.jotform.com/form/Trident/index.html]
[www.jotform.com/jfFormFooter/assets/js/main.min0c2f.js]
[www.jotform.com/js/vendor/json2.js]
[www.jotform.com/form/POST.html]
[www.jotform.com/form/datepicker.html]
[www.jotform.com/form/safari/index.html]
[www.jotform.com/form/mobile.responsive.min.html]
[widgets.jotform.io/mobileResponsive/mobile.responsive.min.css]
[www.jotform.com/form/china.jotfor.html]
[cdn.jotfor.ms/js/form-testerbb43.js]
[www.jotform.com/form/noImage-placeholder.html]
[cdn.jotfor.ms/jfFormFooter/assets/css/main.min.css]
[cdn.jotfor.ms/jfFormFooter/assets/css/main.min.css]
