[radiustheme.com/demo/html/fixer/fixer/index.html]
[backblue.gif]
[fade.gif]
[index.html]
[radiustheme.com/demo/html/fixer/fixer/img/favicon.png]
[radiustheme.com/demo/html/fixer/fixer/css/normalize.css]
[radiustheme.com/demo/html/fixer/fixer/css/main.css]
[radiustheme.com/demo/html/fixer/fixer/css/bootstrap.min.css]
[radiustheme.com/demo/html/fixer/fixer/css/meanmenu.min.css]
[radiustheme.com/demo/html/fixer/fixer/css/fontawesome-all.min.css]
[radiustheme.com/demo/html/fixer/fixer/css/animate.min.css]
[radiustheme.com/demo/html/fixer/fixer/font/flaticon.css]
[radiustheme.com/demo/html/fixer/fixer/css/select2.min.css]
[radiustheme.com/demo/html/fixer/fixer/vendor/OwlCarousel/owl.theme.default.min.css]
[radiustheme.com/demo/html/fixer/fixer/vendor/OwlCarousel/owl.carousel.min.css]
[radiustheme.com/demo/html/fixer/fixer/style.css]
[radiustheme.com/demo/html/fixer/fixer/js/modernizr-3.7.1.min.js]
[radiustheme.com/demo/html/fixer/fixer/img/main-logo.png]
[radiustheme.com/demo/html/fixer/fixer/index2.html]
[radiustheme.com/demo/html/fixer/fixer/index3.html]
[radiustheme.com/demo/html/fixer/fixer/index4.html]
[radiustheme.com/demo/html/fixer/fixer/about.html]
[radiustheme.com/demo/html/fixer/fixer/service1.html]
[radiustheme.com/demo/html/fixer/fixer/service2.html]
[radiustheme.com/demo/html/fixer/fixer/single-service1.html]
[radiustheme.com/demo/html/fixer/fixer/single-service2.html]
[radiustheme.com/demo/html/fixer/fixer/single-service3.html]
[radiustheme.com/demo/html/fixer/fixer/blog1.html]
[radiustheme.com/demo/html/fixer/fixer/blog2.html]
[radiustheme.com/demo/html/fixer/fixer/single-blog1.html]
[radiustheme.com/demo/html/fixer/fixer/shop.html]
[radiustheme.com/demo/html/fixer/fixer/shop-cart.html]
[radiustheme.com/demo/html/fixer/fixer/single-product.html]
[radiustheme.com/demo/html/fixer/fixer/checkout.html]
[radiustheme.com/demo/html/fixer/fixer/team1.html]
[radiustheme.com/demo/html/fixer/fixer/team2.html]
[radiustheme.com/demo/html/fixer/fixer/single-team1.html]
[radiustheme.com/demo/html/fixer/fixer/gallery.html]
[radiustheme.com/demo/html/fixer/fixer/schedule-form.html]
[radiustheme.com/demo/html/fixer/fixer/reviews.html]
[radiustheme.com/demo/html/fixer/fixer/faq.html]
[radiustheme.com/demo/html/fixer/fixer/404.html]
[radiustheme.com/demo/html/fixer/fixer/coming-soon.html]
[radiustheme.com/demo/html/fixer/fixer/contact.html]
[radiustheme.com/demo/html/fixer/fixer/img/slider/slide1-1.jpg]
[radiustheme.com/demo/html/fixer/fixer/img/slider/slide1-2.jpg]
[radiustheme.com/demo/html/fixer/fixer/img/slider/slide1-3.jpg]
[radiustheme.com/demo/html/fixer/fixer/img/service/service1.jpg]
[radiustheme.com/demo/html/fixer/fixer/img/service/service2.jpg]
[radiustheme.com/demo/html/fixer/fixer/img/service/service3.jpg]
[radiustheme.com/demo/html/fixer/fixer/img/about/about3.jpg]
[radiustheme.com/demo/html/fixer/fixer/img/figure/figure3.jpg]
[radiustheme.com/demo/html/fixer/fixer/img/team/team1.png]
[radiustheme.com/demo/html/fixer/fixer/img/team/team3.png]
[radiustheme.com/demo/html/fixer/fixer/img/team/team4.png]
[radiustheme.com/demo/html/fixer/fixer/img/brand/brand1.png]
[radiustheme.com/demo/html/fixer/fixer/img/brand/brand2.png]
[radiustheme.com/demo/html/fixer/fixer/img/brand/brand3.png]
[radiustheme.com/demo/html/fixer/fixer/img/brand/brand4.png]
[radiustheme.com/demo/html/fixer/fixer/img/blog/blog1.jpg]
[radiustheme.com/demo/html/fixer/fixer/img/blog/blog2.jpg]
[radiustheme.com/demo/html/fixer/fixer/js/plugins.js]
[radiustheme.com/demo/html/fixer/fixer/js/jquery-3.3.1.min.js]
[radiustheme.com/demo/html/fixer/fixer/js/popper.min.js]
[radiustheme.com/demo/html/fixer/fixer/js/bootstrap.min.js]
[radiustheme.com/demo/html/fixer/fixer/js/pace.min.js]
[radiustheme.com/demo/html/fixer/fixer/js/jquery.meanmenu.min.js]
[radiustheme.com/demo/html/fixer/fixer/vendor/OwlCarousel/owl.carousel.min.js]
[radiustheme.com/demo/html/fixer/fixer/js/select2.min.js]
[radiustheme.com/demo/html/fixer/fixer/vendor/slider/js/jquery.nivo.slider.js]
[radiustheme.com/demo/html/fixer/fixer/vendor/slider/home.js]
[radiustheme.com/demo/html/fixer/fixer/js/main.js]
[radiustheme.com/demo/html/fixer/fixer/index.html]
[radiustheme.com/demo/html/fixer/fixer/css/normalize.css]
[radiustheme.com/demo/html/fixer/fixer/css/main.css]
[radiustheme.com/demo/html/fixer/fixer/css/bootstrap.min.css]
[radiustheme.com/demo/html/fixer/fixer/css/meanmenu.min.css]
[radiustheme.com/demo/html/fixer/fixer/webfonts/fa-brands-400.eot]
[radiustheme.com/demo/html/fixer/fixer/webfonts/fa-brands-400.html]
[radiustheme.com/demo/html/fixer/fixer/webfonts/fa-brands-400d41d.eot]
[radiustheme.com/demo/html/fixer/fixer/webfonts/fa-regular-400.eot]
[radiustheme.com/demo/html/fixer/fixer/webfonts/fa-regular-400.html]
[radiustheme.com/demo/html/fixer/fixer/webfonts/fa-regular-400.woff]
[radiustheme.com/demo/html/fixer/fixer/webfonts/fa-brands-400.woff]
[radiustheme.com/demo/html/fixer/fixer/webfonts/fa-regular-400.ttf]
[radiustheme.com/demo/html/fixer/fixer/webfonts/fa-regular-400.svg]
[radiustheme.com/demo/html/fixer/fixer/webfonts/fa-solid-900d41d.eot]
[radiustheme.com/demo/html/fixer/fixer/webfonts/fa-solid-900.html]
[radiustheme.com/demo/html/fixer/fixer/webfonts/fa-solid-900.eot]
[radiustheme.com/demo/html/fixer/fixer/css/fontawesome-all.min.css]
[radiustheme.com/demo/html/fixer/fixer/css/animate.min.css]
[radiustheme.com/demo/html/fixer/fixer/webfonts/fa-solid-900.ttf]
[radiustheme.com/demo/html/fixer/fixer/webfonts/fa-solid-900.woff]
[radiustheme.com/demo/html/fixer/fixer/webfonts/fa-solid-900.svg]
[radiustheme.com/demo/html/fixer/fixer/font/Flaticon.eot]
[radiustheme.com/demo/html/fixer/fixer/font/Flaticond41d.eot]
[radiustheme.com/demo/html/fixer/fixer/font/Flaticon.html]
[radiustheme.com/demo/html/fixer/fixer/font/Flaticon.woff]
[radiustheme.com/demo/html/fixer/fixer/font/Flaticon.ttf]
[radiustheme.com/demo/html/fixer/fixer/font/flaticon.css]
[radiustheme.com/demo/html/fixer/fixer/css/select2.min.css]
[radiustheme.com/demo/html/fixer/fixer/vendor/OwlCarousel/owl.theme.default.min.css]
[radiustheme.com/demo/html/fixer/fixer/font/Flaticon.svg]
[radiustheme.com/demo/html/fixer/fixer/vendor/OwlCarousel/owl.video.play.png]
[radiustheme.com/demo/html/fixer/fixer/vendor/OwlCarousel/owl.carousel.min.css]
[radiustheme.com/demo/html/fixer/fixer/vendor/slider/css/nivo-slider.css]
[radiustheme.com/demo/html/fixer/fixer/img/figure/cloud.png]
[radiustheme.com/demo/html/fixer/fixer/img/figure/cloud2.png]
[radiustheme.com/demo/html/fixer/fixer/img/preloader.png]
[radiustheme.com/demo/html/fixer/fixer/img/figure/clip3.png]
[radiustheme.com/demo/html/fixer/fixer/img/figure/shape1.png]
[radiustheme.com/demo/html/fixer/fixer/img/figure/shape2.png]
[radiustheme.com/demo/html/fixer/fixer/img/figure/section-bg8.png]
[radiustheme.com/demo/html/fixer/fixer/img/figure/section-bg7.png]
[radiustheme.com/demo/html/fixer/fixer/img/figure/shape3.png]
[radiustheme.com/demo/html/fixer/fixer/img/figure/section-bg9.png]
[radiustheme.com/demo/html/fixer/fixer/img/figure/shape.png]
[radiustheme.com/demo/html/fixer/fixer/img/figure/clip7.png]
[radiustheme.com/demo/html/fixer/fixer/img/figure/section-bg10.jpg]
[radiustheme.com/demo/html/fixer/fixer/img/figure/figure8.png]
[radiustheme.com/demo/html/fixer/fixer/img/figure/clip12.png]
[radiustheme.com/demo/html/fixer/fixer/img/figure/clip1.png]
[radiustheme.com/demo/html/fixer/fixer/img/figure/clip2.png]
[radiustheme.com/demo/html/fixer/fixer/img/figure/clip5.png]
[radiustheme.com/demo/html/fixer/fixer/img/figure/clip6.png]
[radiustheme.com/demo/html/fixer/fixer/img/figure/clip9.png]
[radiustheme.com/demo/html/fixer/fixer/img/figure/clip8.png]
[radiustheme.com/demo/html/fixer/fixer/img/figure/clip10.png]
[radiustheme.com/demo/html/fixer/fixer/img/figure/clip11.png]
[radiustheme.com/demo/html/fixer/fixer/style.css]
[radiustheme.com/demo/html/fixer/fixer/css/magnific-popup.css]
[radiustheme.com/demo/html/fixer/fixer/img/figure/banner-bg.jpg]
[radiustheme.com/demo/html/fixer/fixer/img/figure/clip14.png]
[radiustheme.com/demo/html/fixer/fixer/img/about/about2.jpg]
[radiustheme.com/demo/html/fixer/fixer/img/project/project.jpg]
[radiustheme.com/demo/html/fixer/fixer/img/project/project1.jpg]
[radiustheme.com/demo/html/fixer/fixer/img/project/project2.jpg]
[radiustheme.com/demo/html/fixer/fixer/img/team/team5.png]
[radiustheme.com/demo/html/fixer/fixer/img/team/team6.png]
[radiustheme.com/demo/html/fixer/fixer/img/team/team7.png]
[radiustheme.com/demo/html/fixer/fixer/img/team/team8.png]
[radiustheme.com/demo/html/fixer/fixer/img/logo-light.png]
[radiustheme.com/demo/html/fixer/fixer/js/jquery.magnific-popup.min.js]
[radiustheme.com/demo/html/fixer/fixer/js/parallax.min.js]
[radiustheme.com/demo/html/fixer/fixer/index2.html]
[radiustheme.com/demo/html/fixer/fixer/css/jquery.datetimepicker.css]
[radiustheme.com/demo/html/fixer/fixer/img/slider/slide3-1.jpg]
[radiustheme.com/demo/html/fixer/fixer/img/slider/slide3-2.jpg]
[radiustheme.com/demo/html/fixer/fixer/img/slider/slide3-3.jpg]
[radiustheme.com/demo/html/fixer/fixer/img/brand/brand5.png]
[radiustheme.com/demo/html/fixer/fixer/img/brand/brand6.png]
[radiustheme.com/demo/html/fixer/fixer/img/brand/brand7.png]
[radiustheme.com/demo/html/fixer/fixer/img/service/service13.jpg]
[radiustheme.com/demo/html/fixer/fixer/img/service/service14.jpg]
[radiustheme.com/demo/html/fixer/fixer/img/service/service12.jpg]
[radiustheme.com/demo/html/fixer/fixer/img/project/project3.jpg]
[radiustheme.com/demo/html/fixer/fixer/img/project/project7.jpg]
[radiustheme.com/demo/html/fixer/fixer/js/jquery.datetimepicker.full.min.js]
[radiustheme.com/demo/html/fixer/fixer/js/validator.min.js]
[radiustheme.com/demo/html/fixer/fixer/index3.html]
[radiustheme.com/demo/html/fixer/fixer/vendor/vegas/vegas.min.css]
[radiustheme.com/demo/html/fixer/fixer/img/logo-light2.png]
[radiustheme.com/demo/html/fixer/fixer/img/figure/figure7.png]
[radiustheme.com/demo/html/fixer/fixer/img/service/service22.jpg]
[radiustheme.com/demo/html/fixer/fixer/img/service/service23.jpg]
[radiustheme.com/demo/html/fixer/fixer/img/service/service24.jpg]
[radiustheme.com/demo/html/fixer/fixer/img/about/about4.jpg]
[radiustheme.com/demo/html/fixer/fixer/vendor/vegas/vegas.min.js]
[radiustheme.com/demo/html/fixer/fixer/index4.html]
[radiustheme.com/demo/html/fixer/fixer/about.html]
[radiustheme.com/demo/html/fixer/fixer/img/service/service6.jpg]
[radiustheme.com/demo/html/fixer/fixer/img/service/service7.jpg]
[radiustheme.com/demo/html/fixer/fixer/img/service/service8.jpg]
[radiustheme.com/demo/html/fixer/fixer/service1.html]
[radiustheme.com/demo/html/fixer/fixer/img/service/service9.jpg]
[radiustheme.com/demo/html/fixer/fixer/img/service/service10.jpg]
[radiustheme.com/demo/html/fixer/fixer/img/service/service11.jpg]
[radiustheme.com/demo/html/fixer/fixer/img/service/service15.jpg]
[radiustheme.com/demo/html/fixer/fixer/img/service/service16.jpg]
[radiustheme.com/demo/html/fixer/fixer/img/figure/widget.png]
[radiustheme.com/demo/html/fixer/fixer/service2.html]
[radiustheme.com/demo/html/fixer/fixer/img/service/service17.jpg]
[radiustheme.com/demo/html/fixer/fixer/img/service/service18.jpg]
[radiustheme.com/demo/html/fixer/fixer/img/figure/figure6.png]
[radiustheme.com/demo/html/fixer/fixer/img/figure/testimonial.jpg]
[radiustheme.com/demo/html/fixer/fixer/single-service1.html]
[radiustheme.com/demo/html/fixer/fixer/img/service/service19.jpg]
[radiustheme.com/demo/html/fixer/fixer/single-service2.html]
[radiustheme.com/demo/html/fixer/fixer/img/service/service20.jpg]
[radiustheme.com/demo/html/fixer/fixer/single-service3.html]
[radiustheme.com/demo/html/fixer/fixer/img/blog/blog5.jpg]
[radiustheme.com/demo/html/fixer/fixer/img/blog/blog6.jpg]
[radiustheme.com/demo/html/fixer/fixer/img/blog/blog8.jpg]
[radiustheme.com/demo/html/fixer/fixer/img/blog/blog7.jpg]
[radiustheme.com/demo/html/fixer/fixer/blog1.html]
[radiustheme.com/demo/html/fixer/fixer/img/blog/blog9.jpg]
[radiustheme.com/demo/html/fixer/fixer/img/blog/blog10.jpg]
[radiustheme.com/demo/html/fixer/fixer/blog2.html]
[radiustheme.com/demo/html/fixer/fixer/img/blog/author.jpg]
[radiustheme.com/demo/html/fixer/fixer/img/blog/author1.jpg]
[radiustheme.com/demo/html/fixer/fixer/img/figure/pagination1.jpg]
[radiustheme.com/demo/html/fixer/fixer/img/figure/pagination2.jpg]
[radiustheme.com/demo/html/fixer/fixer/img/blog/blog11.jpg]
[radiustheme.com/demo/html/fixer/fixer/img/blog/blog12.jpg]
[radiustheme.com/demo/html/fixer/fixer/img/figure/figure5.png]
[radiustheme.com/demo/html/fixer/fixer/single-blog1.html]
[radiustheme.com/demo/html/fixer/fixer/vendor/noUiSlider/nouislider.min.css]
[radiustheme.com/demo/html/fixer/fixer/single-blog2.html]
[radiustheme.com/demo/html/fixer/fixer/img/figure/product5.png]
[radiustheme.com/demo/html/fixer/fixer/img/figure/product6.png]
[radiustheme.com/demo/html/fixer/fixer/img/figure/product7.png]
[radiustheme.com/demo/html/fixer/fixer/img/figure/product8.png]
[radiustheme.com/demo/html/fixer/fixer/img/figure/product9.png]
[radiustheme.com/demo/html/fixer/fixer/img/figure/product10.png]
[radiustheme.com/demo/html/fixer/fixer/img/figure/product11.png]
[radiustheme.com/demo/html/fixer/fixer/img/figure/product12.png]
[radiustheme.com/demo/html/fixer/fixer/img/figure/product13.png]
[radiustheme.com/demo/html/fixer/fixer/img/figure/product1.png]
[radiustheme.com/demo/html/fixer/fixer/img/figure/product2.png]
[radiustheme.com/demo/html/fixer/fixer/img/figure/product3.png]
[radiustheme.com/demo/html/fixer/fixer/img/figure/product4.png]
[radiustheme.com/demo/html/fixer/fixer/vendor/noUiSlider/nouislider.min.js]
[radiustheme.com/demo/html/fixer/fixer/js/wNumb.js]
[radiustheme.com/demo/html/fixer/fixer/shop.html]
[radiustheme.com/demo/html/fixer/fixer/img/figure/product17.png]
[radiustheme.com/demo/html/fixer/fixer/img/figure/product18.png]
[radiustheme.com/demo/html/fixer/fixer/shop-cart.html]
[radiustheme.com/demo/html/fixer/fixer/img/figure/product14.png]
[radiustheme.com/demo/html/fixer/fixer/img/figure/product15.png]
[radiustheme.com/demo/html/fixer/fixer/img/figure/product16.png]
[radiustheme.com/demo/html/fixer/fixer/js/jquery.elevatezoom.js]
[radiustheme.com/demo/html/fixer/fixer/single-product.html]
[radiustheme.com/demo/html/fixer/fixer/checkout.html]
[radiustheme.com/demo/html/fixer/fixer/team1.html]
[radiustheme.com/demo/html/fixer/fixer/team2.html]
[radiustheme.com/demo/html/fixer/fixer/img/team/team11.png]
[radiustheme.com/demo/html/fixer/fixer/single-team1.html]
[radiustheme.com/demo/html/fixer/fixer/img/gallery/gallery1.jpg]
[radiustheme.com/demo/html/fixer/fixer/img/gallery/gallery2.jpg]
[radiustheme.com/demo/html/fixer/fixer/img/gallery/gallery3.jpg]
[radiustheme.com/demo/html/fixer/fixer/img/gallery/gallery4.jpg]
[radiustheme.com/demo/html/fixer/fixer/img/gallery/gallery5.jpg]
[radiustheme.com/demo/html/fixer/fixer/img/gallery/gallery6.jpg]
[radiustheme.com/demo/html/fixer/fixer/img/gallery/gallery7.jpg]
[radiustheme.com/demo/html/fixer/fixer/gallery.html]
[radiustheme.com/demo/html/fixer/fixer/img/figure/figure4.png]
[radiustheme.com/demo/html/fixer/fixer/schedule-form.html]
[radiustheme.com/demo/html/fixer/fixer/img/figure/qoute1.png]
[radiustheme.com/demo/html/fixer/fixer/img/figure/testimonial1.jpg]
[radiustheme.com/demo/html/fixer/fixer/img/figure/testimonial2.jpg]
[radiustheme.com/demo/html/fixer/fixer/img/figure/testimonial3.jpg]
[radiustheme.com/demo/html/fixer/fixer/img/figure/testimonial4.jpg]
[radiustheme.com/demo/html/fixer/fixer/img/figure/testimonial5.jpg]
[radiustheme.com/demo/html/fixer/fixer/reviews.html]
[radiustheme.com/demo/html/fixer/fixer/faq.html]
[radiustheme.com/demo/html/fixer/fixer/img/figure/404.png]
[radiustheme.com/demo/html/fixer/fixer/404.html]
[radiustheme.com/demo/html/fixer/fixer/img/figure/coming-soon.jpg]
[radiustheme.com/demo/html/fixer/fixer/img/large-logo.png]
[radiustheme.com/demo/html/fixer/fixer/js/jquery.countdown.min.js]
[radiustheme.com/demo/html/fixer/fixer/coming-soon.html]
[radiustheme.com/demo/html/fixer/fixer/contact.html]
[radiustheme.com/demo/html/fixer/fixer/img/about/about1.jpg]
[radiustheme.com/demo/html/fixer/fixer/img/team/team2.png]
[radiustheme.com/demo/html/fixer/fixer/webfonts/fa-brands-400.html]
[radiustheme.com/demo/html/fixer/fixer/img/blog/blog3.jpg]
[radiustheme.com/demo/html/fixer/fixer/webfonts/fa-regular-400.html]
[radiustheme.com/demo/html/fixer/fixer/webfonts/fa-regular-400.svg]
[radiustheme.com/demo/html/fixer/fixer/webfonts/fa-solid-900.html]
[radiustheme.com/demo/html/fixer/fixer/webfonts/fa-brands-400.ttf]
[radiustheme.com/demo/html/fixer/fixer/webfonts/fa-solid-900.svg]
[radiustheme.com/demo/html/fixer/fixer/font/Flaticon.html]
[radiustheme.com/demo/html/fixer/fixer/font/Flaticon.svg]
[radiustheme.com/demo/html/fixer/fixer/vendor/slider/css/nivo-slider.css]
[radiustheme.com/demo/html/fixer/fixer/css/magnific-popup.css]
[radiustheme.com/demo/html/fixer/fixer/css/jquery.datetimepicker.css]
[radiustheme.com/demo/html/fixer/fixer/img/project/project4.jpg]
[radiustheme.com/demo/html/fixer/fixer/img/figure/figure2.png]
[radiustheme.com/demo/html/fixer/fixer/webfonts/fa-brands-400.svg]
[radiustheme.com/demo/html/fixer/fixer/img/project/project6.jpg]
[radiustheme.com/demo/html/fixer/fixer/vendor/vegas/overlays/02.png]
[radiustheme.com/demo/html/fixer/fixer/vendor/vegas/vegas.min.css]
[radiustheme.com/demo/html/fixer/fixer/img/figure/choose.jpg]
[radiustheme.com/demo/html/fixer/fixer/img/service/service4.jpg]
[radiustheme.com/demo/html/fixer/fixer/img/service/service5.jpg]
[radiustheme.com/demo/html/fixer/fixer/img/service/service21.jpg]
[radiustheme.com/demo/html/fixer/fixer/img/blog/blog4.jpg]
[radiustheme.com/demo/html/fixer/fixer/img/figure/qoute.png]
[radiustheme.com/demo/html/fixer/fixer/img/blog/blog13.jpg]
[radiustheme.com/demo/html/fixer/fixer/single-blog2.html]
[radiustheme.com/demo/html/fixer/fixer/vendor/noUiSlider/nouislider.min.css]
[radiustheme.com/demo/html/fixer/fixer/webfonts/fa-brands-400.svg]
[radiustheme.com/demo/html/fixer/fixer/img/team/team9.png]
[radiustheme.com/demo/html/fixer/fixer/webfonts/fa-regular-400d41d.eot]
[radiustheme.com/demo/html/fixer/fixer/img/figure/clip13.png]
[radiustheme.com/demo/html/fixer/fixer/img/team/team10.png]
[radiustheme.com/demo/html/fixer/fixer/project1.html]
[radiustheme.com/demo/html/fixer/fixer/img/project/project8.jpg]
[radiustheme.com/demo/html/fixer/fixer/img/project/project5.jpg]
